Archive member included to satisfy reference by file (symbol)

c:/program files (x86)/atmel/studio/7.0/toolchain/avr8/avr8-gnu-toolchain/bin/../lib/gcc/avr/4.9.2/../../../../avr/lib/avrxmega7\libm.a(addsf3.o)
                              calendar.o (__addsf3)
c:/program files (x86)/atmel/studio/7.0/toolchain/avr8/avr8-gnu-toolchain/bin/../lib/gcc/avr/4.9.2/../../../../avr/lib/avrxmega7\libm.a(addsf3x.o)
                              c:/program files (x86)/atmel/studio/7.0/toolchain/avr8/avr8-gnu-toolchain/bin/../lib/gcc/avr/4.9.2/../../../../avr/lib/avrxmega7\libm.a(addsf3.o) (__addsf3x)
c:/program files (x86)/atmel/studio/7.0/toolchain/avr8/avr8-gnu-toolchain/bin/../lib/gcc/avr/4.9.2/../../../../avr/lib/avrxmega7\libm.a(divsf3.o)
                              ADC.o (__divsf3)
c:/program files (x86)/atmel/studio/7.0/toolchain/avr8/avr8-gnu-toolchain/bin/../lib/gcc/avr/4.9.2/../../../../avr/lib/avrxmega7\libm.a(divsf3x.o)
                              c:/program files (x86)/atmel/studio/7.0/toolchain/avr8/avr8-gnu-toolchain/bin/../lib/gcc/avr/4.9.2/../../../../avr/lib/avrxmega7\libm.a(divsf3.o) (__divsf3x)
c:/program files (x86)/atmel/studio/7.0/toolchain/avr8/avr8-gnu-toolchain/bin/../lib/gcc/avr/4.9.2/../../../../avr/lib/avrxmega7\libm.a(fixunssfsi.o)
                              calendar.o (__fixunssfsi)
c:/program files (x86)/atmel/studio/7.0/toolchain/avr8/avr8-gnu-toolchain/bin/../lib/gcc/avr/4.9.2/../../../../avr/lib/avrxmega7\libm.a(floatsisf.o)
                              calendar.o (__floatunsisf)
c:/program files (x86)/atmel/studio/7.0/toolchain/avr8/avr8-gnu-toolchain/bin/../lib/gcc/avr/4.9.2/../../../../avr/lib/avrxmega7\libm.a(floor.o)
                              calendar.o (floor)
c:/program files (x86)/atmel/studio/7.0/toolchain/avr8/avr8-gnu-toolchain/bin/../lib/gcc/avr/4.9.2/../../../../avr/lib/avrxmega7\libm.a(fp_inf.o)
                              c:/program files (x86)/atmel/studio/7.0/toolchain/avr8/avr8-gnu-toolchain/bin/../lib/gcc/avr/4.9.2/../../../../avr/lib/avrxmega7\libm.a(addsf3x.o) (__fp_inf)
c:/program files (x86)/atmel/studio/7.0/toolchain/avr8/avr8-gnu-toolchain/bin/../lib/gcc/avr/4.9.2/../../../../avr/lib/avrxmega7\libm.a(fp_mintl.o)
                              c:/program files (x86)/atmel/studio/7.0/toolchain/avr8/avr8-gnu-toolchain/bin/../lib/gcc/avr/4.9.2/../../../../avr/lib/avrxmega7\libm.a(floor.o) (__fp_mintl)
c:/program files (x86)/atmel/studio/7.0/toolchain/avr8/avr8-gnu-toolchain/bin/../lib/gcc/avr/4.9.2/../../../../avr/lib/avrxmega7\libm.a(fp_mpack.o)
                              c:/program files (x86)/atmel/studio/7.0/toolchain/avr8/avr8-gnu-toolchain/bin/../lib/gcc/avr/4.9.2/../../../../avr/lib/avrxmega7\libm.a(floor.o) (__fp_mpack)
c:/program files (x86)/atmel/studio/7.0/toolchain/avr8/avr8-gnu-toolchain/bin/../lib/gcc/avr/4.9.2/../../../../avr/lib/avrxmega7\libm.a(fp_nan.o)
                              c:/program files (x86)/atmel/studio/7.0/toolchain/avr8/avr8-gnu-toolchain/bin/../lib/gcc/avr/4.9.2/../../../../avr/lib/avrxmega7\libm.a(addsf3x.o) (__fp_nan)
c:/program files (x86)/atmel/studio/7.0/toolchain/avr8/avr8-gnu-toolchain/bin/../lib/gcc/avr/4.9.2/../../../../avr/lib/avrxmega7\libm.a(fp_pscA.o)
                              c:/program files (x86)/atmel/studio/7.0/toolchain/avr8/avr8-gnu-toolchain/bin/../lib/gcc/avr/4.9.2/../../../../avr/lib/avrxmega7\libm.a(addsf3x.o) (__fp_pscA)
c:/program files (x86)/atmel/studio/7.0/toolchain/avr8/avr8-gnu-toolchain/bin/../lib/gcc/avr/4.9.2/../../../../avr/lib/avrxmega7\libm.a(fp_pscB.o)
                              c:/program files (x86)/atmel/studio/7.0/toolchain/avr8/avr8-gnu-toolchain/bin/../lib/gcc/avr/4.9.2/../../../../avr/lib/avrxmega7\libm.a(addsf3x.o) (__fp_pscB)
c:/program files (x86)/atmel/studio/7.0/toolchain/avr8/avr8-gnu-toolchain/bin/../lib/gcc/avr/4.9.2/../../../../avr/lib/avrxmega7\libm.a(fp_round.o)
                              c:/program files (x86)/atmel/studio/7.0/toolchain/avr8/avr8-gnu-toolchain/bin/../lib/gcc/avr/4.9.2/../../../../avr/lib/avrxmega7\libm.a(addsf3.o) (__fp_round)
c:/program files (x86)/atmel/studio/7.0/toolchain/avr8/avr8-gnu-toolchain/bin/../lib/gcc/avr/4.9.2/../../../../avr/lib/avrxmega7\libm.a(fp_split3.o)
                              c:/program files (x86)/atmel/studio/7.0/toolchain/avr8/avr8-gnu-toolchain/bin/../lib/gcc/avr/4.9.2/../../../../avr/lib/avrxmega7\libm.a(addsf3x.o) (__fp_split3)
c:/program files (x86)/atmel/studio/7.0/toolchain/avr8/avr8-gnu-toolchain/bin/../lib/gcc/avr/4.9.2/../../../../avr/lib/avrxmega7\libm.a(fp_trunc.o)
                              c:/program files (x86)/atmel/studio/7.0/toolchain/avr8/avr8-gnu-toolchain/bin/../lib/gcc/avr/4.9.2/../../../../avr/lib/avrxmega7\libm.a(floor.o) (__fp_trunc)
c:/program files (x86)/atmel/studio/7.0/toolchain/avr8/avr8-gnu-toolchain/bin/../lib/gcc/avr/4.9.2/../../../../avr/lib/avrxmega7\libm.a(fp_zero.o)
[...]
Memory Configuration

Name             Origin             Length             Attributes
text             0x00000000         0x00100000         xr
data             0x00802000         0x0000ffa0         rw !x
eeprom           0x00810000         0x00010000         rw !x
fuse             0x00820000         0x00000400         rw !x
lock             0x00830000         0x00000400         rw !x
signature        0x00840000         0x00000400         rw !x
user_signatures  0x00850000         0x00000400         rw !x
*default*        0x00000000         0xffffffff

Linker script and memory map

LOAD C:/Program Files (x86)/Atmel/Studio/7.0/Packs/atmel/XMEGAA_DFP/1.0.36/gcc/dev/atxmega128a1u/avrxmega7/crtatxmega128a1u.o
LOAD 1wire.o
LOAD ADC.o
LOAD calendar.o
LOAD clock.o
LOAD ds18b20.o
LOAD gsm.o
LOAD main.o
LOAD peripherals.o
LOAD power.o
LOAD RTC.o
LOAD system.o
LOAD telit_gl865.o
LOAD timers.o
LOAD trash_sonar_mb7137.o
LOAD twi.o
LOAD Usart.o
LOAD watchdog.o
START GROUP
LOAD c:/program files (x86)/atmel/studio/7.0/toolchain/avr8/avr8-gnu-toolchain/bin/../lib/gcc/avr/4.9.2/../../../../avr/lib/avrxmega7\libm.a
END GROUP
START GROUP
LOAD c:/program files (x86)/atmel/studio/7.0/toolchain/avr8/avr8-gnu-toolchain/bin/../lib/gcc/avr/4.9.2/avrxmega7\libgcc.a
LOAD c:/program files (x86)/atmel/studio/7.0/toolchain/avr8/avr8-gnu-toolchain/bin/../lib/gcc/avr/4.9.2/../../../../avr/lib/avrxmega7\libm.a
LOAD c:/program files (x86)/atmel/studio/7.0/toolchain/avr8/avr8-gnu-toolchain/bin/../lib/gcc/avr/4.9.2/../../../../avr/lib/avrxmega7\libc.a
LOAD C:/Program Files (x86)/Atmel/Studio/7.0/Packs/atmel/XMEGAA_DFP/1.0.36/gcc/dev/atxmega128a1u/avrxmega7\libatxmega128a1u.a
END GROUP

.hash
 *(.hash)

.dynsym
 *(.dynsym)

.dynstr
 *(.dynstr)

.gnu.version
 *(.gnu.version)

.gnu.version_d
 *(.gnu.version_d)

.gnu.version_r
 *(.gnu.version_r)

.rel.init
 *(.rel.init)

.rela.init
 *(.rela.init)

.rel.text
 *(.rel.text)
 *(.rel.text.*)
 *(.rel.gnu.linkonce.t*)

.rela.text
 *(.rela.text)
 *(.rela.text.*)
 *(.rela.gnu.linkonce.t*)

.rel.fini
 *(.rel.fini)

.rela.fini
 *(.rela.fini)

.rel.rodata
 *(.rel.rodata)
 *(.rel.rodata.*)
 *(.rel.gnu.linkonce.r*)

.rela.rodata
 *(.rela.rodata)
 *(.rela.rodata.*)
 *(.rela.gnu.linkonce.r*)

.rel.data
 *(.rel.data)
 *(.rel.data.*)
 *(.rel.gnu.linkonce.d*)

.rela.data
 *(.rela.data)
 *(.rela.data.*)
 *(.rela.gnu.linkonce.d*)

.rel.ctors
 *(.rel.ctors)

.rela.ctors
 *(.rela.ctors)

.rel.dtors
 *(.rel.dtors)

.rela.dtors
 *(.rela.dtors)

.rel.got
 *(.rel.got)

.rela.got
 *(.rela.got)

.rel.bss
 *(.rel.bss)

.rela.bss
 *(.rela.bss)

.rel.plt
 *(.rel.plt)

.rela.plt
 *(.rela.plt)

.text           0x00000000      0xc74
 *(.vectors)
 .vectors       0x00000000      0x1fc C:/Program Files (x86)/Atmel/Studio/7.0/Packs/atmel/XMEGAA_DFP/1.0.36/gcc/dev/atxmega128a1u/avrxmega7/crtatxmega128a1u.o
                0x00000000                __vector_default
                0x00000000                __vectors
 *(.vectors)
 *(.progmem.gcc*)
                0x000001fc                . = ALIGN (0x2)
                0x000001fc                __trampolines_start = .
 *(.trampolines)
 .trampolines   0x000001fc        0x0 linker stubs
 *(.trampolines*)
                0x000001fc                __trampolines_end = .
 *(.progmem*)
                0x000001fc                . = ALIGN (0x2)
 *(.jumptables)
 *(.jumptables*)
 *(.lowtext)
 *(.lowtext*)
                0x000001fc                __ctors_start = .
 *(.ctors)
                0x000001fc                __ctors_end = .
                0x000001fc                __dtors_start = .
 *(.dtors)
                0x000001fc                __dtors_end = .
 SORT(*)(.ctors)
 SORT(*)(.dtors)
 *(.init0)
 .init0         0x000001fc        0x0 C:/Program Files (x86)/Atmel/Studio/7.0/Packs/atmel/XMEGAA_DFP/1.0.36/gcc/dev/atxmega128a1u/avrxmega7/crtatxmega128a1u.o
                0x000001fc                __init
 *(.init0)
 *(.init1)
 *(.init1)
 *(.init2)
 .init2         0x000001fc       0x18 C:/Program Files (x86)/Atmel/Studio/7.0/Packs/atmel/XMEGAA_DFP/1.0.36/gcc/dev/atxmega128a1u/avrxmega7/crtatxmega128a1u.o
 *(.init2)
 *(.init3)
 *(.init3)
 *(.init4)
 .init4         0x00000214       0x1c c:/program files (x86)/atmel/studio/7.0/toolchain/avr8/avr8-gnu-toolchain/bin/../lib/gcc/avr/4.9.2/avrxmega7\libgcc.a(_copy_data.o)
                0x00000214                __do_copy_data
 .init4         0x00000230       0x10 c:/program files (x86)/atmel/studio/7.0/toolchain/avr8/avr8-gnu-toolchain/bin/../lib/gcc/avr/4.9.2/avrxmega7\libgcc.a(_clear_bss.o)
                0x00000230                __do_clear_bss
 *(.init4)
 *(.init5)
 *(.init5)
 *(.init6)
 *(.init6)
 *(.init7)
 *(.init7)
 *(.init8)
 *(.init8)
 *(.init9)
 .init9         0x00000240        0x8 C:/Program Files (x86)/Atmel/Studio/7.0/Packs/atmel/XMEGAA_DFP/1.0.36/gcc/dev/atxmega128a1u/avrxmega7/crtatxmega128a1u.o
 *(.init9)
 *(.text)
 .text          0x00000248        0x4 C:/Program Files (x86)/Atmel/Studio/7.0/Packs/atmel/XMEGAA_DFP/1.0.36/gcc/dev/atxmega128a1u/avrxmega7/crtatxmega128a1u.o
                0x00000248                __vector_38
                0x00000248                __vector_104
                0x00000248                __vector_22
                0x00000248                __vector_63
                0x00000248                __vector_28
                0x00000248                __vector_67
                0x00000248                __vector_1
                0x00000248                __vector_32
                0x00000248                __vector_75
                0x00000248                __vector_71
                0x00000248                __vector_91
                0x00000248                __vector_34
                0x00000248                __vector_62
                0x00000248                __vector_102
                0x00000248                __vector_24
                0x00000248                __vector_12
                0x00000248                __vector_55
                0x00000248                __vector_69
                0x00000248                __vector_81
                0x00000248                __vector_46
                0x00000248                __bad_interrupt
                0x00000248                __vector_122
                0x00000248                __vector_72
                0x00000248                __vector_6
                0x00000248                __vector_110
                0x00000248                __vector_31
                0x00000248                __vector_92
                0x00000248                __vector_35
                0x00000248                __vector_78
                0x00000248                __vector_74
                0x00000248                __vector_117
                0x00000248                __vector_39
                0x00000248                __vector_107
                0x00000248                __vector_3
                0x00000248                __vector_105
                0x00000248                __vector_98
                0x00000248                __vector_23
                0x00000248                __vector_68
                0x00000248                __vector_30
                0x00000248                __vector_73
                0x00000248                __vector_45
                0x00000248                __vector_93
                0x00000248                __vector_61
                0x00000248                __vector_11
                0x00000248                __vector_54
                0x00000248                __vector_99
                0x00000248                __vector_13
                0x00000248                __vector_17
                0x00000248                __vector_19
                0x00000248                __vector_56
                0x00000248                __vector_7
                0x00000248                __vector_125
                0x00000248                __vector_49
                0x00000248                __vector_123
                0x00000248                __vector_41
                0x00000248                __vector_86
                0x00000248                __vector_100
                0x00000248                __vector_101
                0x00000248                __vector_64
                0x00000248                __vector_109
                0x00000248                __vector_43
                0x00000248                __vector_5
                0x00000248                __vector_113
                0x00000248                __vector_33
                0x00000248                __vector_76
                0x00000248                __vector_115
                0x00000248                __vector_52
                0x00000248                __vector_37
                0x00000248                __vector_95
                0x00000248                __vector_103
                0x00000248                __vector_96
                0x00000248                __vector_89
                0x00000248                __vector_4
                0x00000248                __vector_44
                0x00000248                __vector_82
                0x00000248                __vector_106
                0x00000248                __vector_118
                0x00000248                __vector_51
                0x00000248                __vector_9
                0x00000248                __vector_2
                0x00000248                __vector_21
                0x00000248                __vector_15
                0x00000248                __vector_66
                0x00000248                __vector_36
                0x00000248                __vector_79
                0x00000248                __vector_70
                0x00000248                __vector_29
                0x00000248                __vector_40
                0x00000248                __vector_85
                0x00000248                __vector_94
                0x00000248                __vector_126
                0x00000248                __vector_8
                0x00000248                __vector_26
                0x00000248                __vector_48
                0x00000248                __vector_124
                0x00000248                __vector_116
                0x00000248                __vector_112
                0x00000248                __vector_111
                0x00000248                __vector_80
                0x00000248                __vector_84
                0x00000248                __vector_57
                0x00000248                __vector_50
                0x00000248                __vector_16
                0x00000248                __vector_59
                0x00000248                __vector_18
                0x00000248                __vector_97
                0x00000248                __vector_42
                0x00000248                __vector_87
                0x00000248                __vector_65
                0x00000248                __vector_120
                0x0000024c                . = ALIGN (0x2)
 *(.text.*)
 .text.main     0x0000024c        0x2 main.o
                0x0000024c                main
 .text.__vector_10
                0x0000024e       0x70 RTC.o
                0x0000024e                __vector_10
 .text.__vector_14
                0x000002be      0x150 timers.o
                0x000002be                __vector_14
 .text.__vector_20
                0x0000040e      0x112 timers.o
                0x0000040e                __vector_20
 .text.__vector_77
                0x00000520       0x94 timers.o
                0x00000520                __vector_77
 .text.__vector_83
                0x000005b4       0x94 timers.o
                0x000005b4                __vector_83
 .text.__vector_47
                0x00000648       0x94 timers.o
                0x00000648                __vector_47
 .text.__vector_53
                0x000006dc       0x94 timers.o
                0x000006dc                __vector_53
 .text.__vector_108
                0x00000770       0x94 timers.o
                0x00000770                __vector_108
 .text.__vector_114
                0x00000804       0x94 timers.o
                0x00000804                __vector_114
 .text.__vector_27
                0x00000898       0x28 Usart.o
                0x00000898                __vector_27
 .text.USARTC0_clear_receiver_buffer
                0x000008c0       0x2a Usart.o
                0x000008c0                USARTC0_clear_receiver_buffer
 .text.__vector_25
                0x000008ea       0xa4 Usart.o
                0x000008ea                __vector_25
 .text.__vector_90
                0x0000098e       0x28 Usart.o
                0x0000098e                __vector_90
 .text.USARTD0_clear_receiver_buffer
                0x000009b6       0x2a Usart.o
                0x000009b6                USARTD0_clear_receiver_buffer
 .text.__vector_88
                0x000009e0       0xa4 Usart.o
                0x000009e0                __vector_88
 .text.__vector_60
                0x00000a84       0x28 Usart.o
                0x00000a84                __vector_60
 .text.USARTE0_clear_receiver_buffer
                0x00000aac       0x2a Usart.o
                0x00000aac                USARTE0_clear_receiver_buffer
 .text.__vector_58
                0x00000ad6       0xa4 Usart.o
                0x00000ad6                __vector_58
 .text.__vector_121
                0x00000b7a       0x28 Usart.o
                0x00000b7a                __vector_121
 .text.USARTF0_clear_receiver_buffer
                0x00000ba2       0x2a Usart.o
                0x00000ba2                USARTF0_clear_receiver_buffer
 .text.__vector_119
                0x00000bcc       0xa4 Usart.o
                0x00000bcc                __vector_119
                0x00000c70                . = ALIGN (0x2)
 *(.fini9)
 .fini9         0x00000c70        0x0 c:/program files (x86)/atmel/studio/7.0/toolchain/avr8/avr8-gnu-toolchain/bin/../lib/gcc/avr/4.9.2/avrxmega7\libgcc.a(_exit.o)
                0x00000c70                _exit
                0x00000c70                exit
 *(.fini9)
 *(.fini8)
 *(.fini8)
 *(.fini7)
 *(.fini7)
 *(.fini6)
 *(.fini6)
 *(.fini5)
 *(.fini5)
 *(.fini4)
 *(.fini4)
 *(.fini3)
 *(.fini3)
 *(.fini2)
 *(.fini2)
 *(.fini1)
 *(.fini1)
 *(.fini0)
 .fini0         0x00000c70        0x4 c:/program files (x86)/atmel/studio/7.0/toolchain/avr8/avr8-gnu-toolchain/bin/../lib/gcc/avr/4.9.2/avrxmega7\libgcc.a(_exit.o)
 *(.fini0)
                0x00000c74                _etext = .

.data           0x00802000        0x0 load address 0x00000c74
                0x00802000                PROVIDE (__data_start, .)
 *(.data)
 *(.data*)
 *(.rodata)
 *(.rodata*)
 *(.gnu.linkonce.d*)
                0x00802000                . = ALIGN (0x2)
                0x00802000                _edata = .
                0x00802000                PROVIDE (__data_end, .)

.bss            0x00802000      0x1de
                0x00802000                PROVIDE (__bss_start, .)
 *(.bss)
 *(.bss*)
 .bss.period    0x00802000        0x2 RTC.o
 .bss.timestamp
                0x00802002        0x4 RTC.o
 .bss.pause     0x00802006        0x4 timers.o
 .bss.Counters  0x0080200a       0x38 timers.o
 .bss.usartf0_receive_buffer_index
                0x00802042        0x1 Usart.o
 .bss.usartf0_message_received
                0x00802043        0x1 Usart.o
 .bss.usartf0_byte_transmitted
                0x00802044        0x1 Usart.o
 .bss.usarte0_receive_buffer_index
                0x00802045        0x1 Usart.o
 .bss.usarte0_message_received
                0x00802046        0x1 Usart.o
 .bss.usarte0_byte_transmitted
                0x00802047        0x1 Usart.o
 .bss.usartd0_receive_buffer_index
                0x00802048        0x1 Usart.o
 .bss.usartd0_message_received
                0x00802049        0x1 Usart.o
 .bss.usartd0_byte_transmitted
                0x0080204a        0x1 Usart.o
 .bss.usartc0_receive_buffer_index
                0x0080204b        0x1 Usart.o
 .bss.usartc0_message_received
                0x0080204c        0x1 Usart.o
 .bss.usartc0_byte_transmitted
                0x0080204d        0x1 Usart.o
 *(COMMON)
 COMMON         0x0080204e      0x190 Usart.o
                0x0080204e                usartf0_receive_buffer
                0x008020b2                usarte0_receive_buffer
                0x00802116                usartd0_receive_buffer
                0x0080217a                usartc0_receive_buffer
                0x008021de                PROVIDE (__bss_end, .)
                0x00000c74                __data_load_start = LOADADDR (.data)
                0x00000c74                __data_load_end = (__data_load_start + SIZEOF (.data))

.noinit         0x008021de        0x0
                0x008021de                PROVIDE (__noinit_start, .)
 *(.noinit*)
                0x008021de                PROVIDE (__noinit_end, .)
                0x008021de                _end = .
                0x008021de                PROVIDE (__heap_start, .)

.eeprom         0x00810000        0x0
 *(.eeprom*)
                0x00810000                __eeprom_end = .

.fuse
 *(.fuse)
 *(.lfuse)
 *(.hfuse)
 *(.efuse)

.lock
 *(.lock*)

.signature
 *(.signature*)

.user_signatures
 *(.user_signatures*)

.stab
 *(.stab)

.stabstr
 *(.stabstr)

.stab.excl
 *(.stab.excl)

.stab.exclstr
 *(.stab.exclstr)

.stab.index
 *(.stab.index)

.stab.indexstr
 *(.stab.indexstr)

.comment        0x00000000       0x30
 *(.comment)
 .comment       0x00000000       0x30 main.o
                                 0x31 (size before relaxing)
 .comment       0x00000030       0x31 RTC.o
 .comment       0x00000030       0x31 timers.o
 .comment       0x00000030       0x31 Usart.o

.note.gnu.avr.deviceinfo
                0x00000000       0x40
 .note.gnu.avr.deviceinfo
                0x00000000       0x40 C:/Program Files (x86)/Atmel/Studio/7.0/Packs/atmel/XMEGAA_DFP/1.0.36/gcc/dev/atxmega128a1u/avrxmega7/crtatxmega128a1u.o

.note.gnu.build-id
 *(.note.gnu.build-id)

.debug
 *(.debug)

.line
 *(.line)

.debug_srcinfo
 *(.debug_srcinfo)

.debug_sfnames
 *(.debug_sfnames)

.debug_aranges  0x00000000      0x2d8
 *(.debug_aranges)
 .debug_aranges
                0x00000000       0x20 main.o
 .debug_aranges
                0x00000020       0x48 RTC.o
 .debug_aranges
                0x00000068       0x90 timers.o
 .debug_aranges
                0x000000f8      0x1e0 Usart.o

.debug_pubnames
 *(.debug_pubnames)

.debug_info     0x00000000     0x253f
 *(.debug_info .gnu.linkonce.wi.*)
 .debug_info    0x00000000       0x83 main.o
 .debug_info    0x00000083      0x1ec RTC.o
 .debug_info    0x0000026f      0xedb timers.o
 .debug_info    0x0000114a     0x13f5 Usart.o

.debug_abbrev   0x00000000      0x59a
 *(.debug_abbrev)
 .debug_abbrev  0x00000000       0x46 main.o
 .debug_abbrev  0x00000046       0xcf RTC.o
 .debug_abbrev  0x00000115      0x176 timers.o
 .debug_abbrev  0x0000028b      0x30f Usart.o

.debug_line     0x00000000      0xaf1
 *(.debug_line .debug_line.* .debug_line_end)
 .debug_line    0x00000000       0x3d main.o
 .debug_line    0x0000003d      0x174 RTC.o
 .debug_line    0x000001b1      0x259 timers.o
 .debug_line    0x0000040a      0x6e7 Usart.o

.debug_frame    0x00000000      0x9cc
 *(.debug_frame)
 .debug_frame   0x00000000       0x24 main.o
 .debug_frame   0x00000024       0x9c RTC.o
 .debug_frame   0x000000c0      0x274 timers.o
 .debug_frame   0x00000334      0x698 Usart.o

.debug_str      0x00000000     0x1276
 *(.debug_str)
 .debug_str     0x00000000      0x159 main.o
                                0x18d (size before relaxing)
 .debug_str     0x00000159      0x1c1 RTC.o
                                0x35c (size before relaxing)
 .debug_str     0x0000031a      0x508 timers.o
                                0x6aa (size before relaxing)
 .debug_str     0x00000822      0xa54 Usart.o
                                0xc1d (size before relaxing)

.debug_loc      0x00000000     0x18dc
 *(.debug_loc)
 .debug_loc     0x00000000       0xb2 RTC.o
 .debug_loc     0x000000b2      0x4a2 timers.o
 .debug_loc     0x00000554     0x1388 Usart.o

.debug_macinfo
 *(.debug_macinfo)

.debug_weaknames
 *(.debug_weaknames)

.debug_funcnames
 *(.debug_funcnames)

.debug_typenames
 *(.debug_typenames)

.debug_varnames
 *(.debug_varnames)

.debug_pubtypes
 *(.debug_pubtypes)

.debug_ranges   0x00000000      0x298
 *(.debug_ranges)
 .debug_ranges  0x00000000       0x10 main.o
 .debug_ranges  0x00000010       0x38 RTC.o
 .debug_ranges  0x00000048       0x80 timers.o
 .debug_ranges  0x000000c8      0x1d0 Usart.o

.debug_macro
 *(.debug_macro)
OUTPUT(xmega-template.elf elf32-avr)
LOAD linker stubs
